------------------------------------------------------------
TimeQuest Timing Analyzer Summary
------------------------------------------------------------

Type  : Slow 1100mV 85C Model Setup 'clock50'
Slack : 7.082
TNS   : 0.000

Type  : Slow 1100mV 85C Model Hold 'clock50'
Slack : 0.225
TNS   : 0.000

Type  : Slow 1100mV 85C Model Recovery 'clock50'
Slack : 16.974
TNS   : 0.000

Type  : Slow 1100mV 85C Model Removal 'clock50'
Slack : 0.675
TNS   : 0.000

Type  : Slow 1100mV 85C Model Minimum Pulse Width 'clock50'
Slack : 9.243
TNS   : 0.000

Type  : Slow 1100mV 0C Model Setup 'clock50'
Slack : 7.273
TNS   : 0.000

Type  : Slow 1100mV 0C Model Hold 'clock50'
Slack : 0.215
TNS   : 0.000

Type  : Slow 1100mV 0C Model Recovery 'clock50'
Slack : 17.090
TNS   : 0.000

Type  : Slow 1100mV 0C Model Removal 'clock50'
Slack : 0.587
TNS   : 0.000

Type  : Slow 1100mV 0C Model Minimum Pulse Width 'clock50'
Slack : 9.205
TNS   : 0.000

Type  : Fast 1100mV 85C Model Setup 'clock50'
Slack : 10.446
TNS   : 0.000

Type  : Fast 1100mV 85C Model Hold 'clock50'
Slack : 0.131
TNS   : 0.000

Type  : Fast 1100mV 85C Model Recovery 'clock50'
Slack : 18.158
TNS   : 0.000

Type  : Fast 1100mV 85C Model Removal 'clock50'
Slack : 0.469
TNS   : 0.000

Type  : Fast 1100mV 85C Model Minimum Pulse Width 'clock50'
Slack : 9.413
TNS   : 0.000

Type  : Fast 1100mV 0C Model Setup 'clock50'
Slack : 10.805
TNS   : 0.000

Type  : Fast 1100mV 0C Model Hold 'clock50'
Slack : 0.121
TNS   : 0.000

Type  : Fast 1100mV 0C Model Recovery 'clock50'
Slack : 18.330
TNS   : 0.000

Type  : Fast 1100mV 0C Model Removal 'clock50'
Slack : 0.376
TNS   : 0.000

Type  : Fast 1100mV 0C Model Minimum Pulse Width 'clock50'
Slack : 9.401
TNS   : 0.000

------------------------------------------------------------
